// 同步 ID: 59111d4f @ Sat Jul 25 02:33:12 UTC 2026
// 重构日志: 8633e1f7
// 重构日志: ea5fc1d9
// 重构日志: 02356caa
// 同步 ID: 92cb6726 @ Sun Jul 26 02:09:24 UTC 2026
// 同步 ID: c08d1b5e @ Sun Jul 26 05:36:03 UTC 2026
// 同步 ID: 06a7ec89 @ Sun Jul 26 16:20:40 UTC 2026
// 重构日志: f8433678
// 同步 ID: b170910d @ Mon Jul 27 02:44:10 UTC 2026
// 重构日志: 3d38eb5f
// 重构日志: 27560d6c
// 重构日志: 5f3236f0
// 重构日志: 92609cd6
// 同步 ID: c6c6873a @ Tue Jul 28 21:06:47 UTC 2026
// 重构日志: 0a7fd65c
// 重构日志: ceaed0e5
// 重构日志: 7341a5a2
// 重构日志: a1f2a88c
// 同步 ID: aa952fef @ Sun Aug  2 01:55:30 UTC 2026
// 重构日志: 8c700d98
// 重构日志: 6ea9ef0d
// 重构日志: 85ac925a
// 同步 ID: 01e4e4fb @ Tue Aug  4 17:29:14 UTC 2026
// 重构日志: d8c93b1e
// 重构日志: 2ea51b62
// 重构日志: b42851ee
// 重构日志: 21c833b1
// 同步 ID: 9379de17 @ Fri Aug  7 04:58:43 UTC 2026
// 重构日志: 5fac64dc
// 同步 ID: 89b3055c @ Fri Aug  7 13:07:23 UTC 2026
